Package: gcc-riscv64-unknown-elf
Version: 10.2.0-0ubuntu1
Depends: libc6 (>= 2.15), libgcc-s1 (>= 4.2), libgmp10, libmpc3 (>= 1.1.0), libmpfr6 (>= 3.1.3), libstdc++6 (>= 5.2), zlib1g (>= 1:1.1.4), binutils-riscv64-unknown-elf
Package: binutils-riscv64-unknown-elf
Version: 2.35.1-0ubuntu1
Depends: libc6 (>= 2.27), zlib1g (>= 1:1.2.0)
Package: gdb-multiarch
Version: 12.1-0ubuntu1~22.04.2
Depends: gdb (= 12.1-0ubuntu1~22.04.2), libbabeltrace1 (>= 1.5.4), libc6 (>= 2.34), libdebuginfod1 (>= 0.180), libexpat1 (>= 2.0.1), libgcc-s1 (>= 4.2), libgmp10 (>= 2:6.2.1+dfsg), libipt2 (>= 2.0), liblzma5 (>= 5.1.1alpha+20110809), libmpfr6 (>= 3.1.3), libncursesw6 (>= 6), libpython3.10 (>= 3.10.0), libreadline8 (>= 8), libsource-highlight4v5 (>= 3.1.9), libstdc++6 (>= 12), libtinfo6 (>= 6), libxxhash0 (>= 0.6.5), zlib1g (>= 1:1.2.0)
Package: gdb-multiarch
Version: 12.0.90-0ubuntu1
Depends: gdb (= 12.0.90-0ubuntu1), libbabeltrace1 (>= 1.5.4), libc6 (>= 2.34), libdebuginfod1 (>= 0.180), libexpat1 (>= 2.0.1), libgcc-s1 (>= 4.2), libgmp10 (>= 2:6.2.1+dfsg), libipt2 (>= 2.0), liblzma5 (>= 5.1.1alpha+20110809), libmpfr6 (>= 3.1.3), libncursesw6 (>= 6), libpython3.10 (>= 3.10.0), libreadline8 (>= 8), libsource-highlight4v5 (>= 3.1.9), libstdc++6 (>= 12), libtinfo6 (>= 6), libxxhash0 (>= 0.6.5), zlib1g (>= 1:1.2.0)
Package: qemu-system-misc
Version: 1:6.2+dfsg-2ubuntu6.31
Depends: libaio1 (>= 0.3.93), libc6 (>= 2.34), libfdt1 (>= 1.6.1), libfuse3-3 (>= 3.2.3), libgcc-s1 (>= 4.7), libglib2.0-0 (>= 2.67.3), libgnutls30 (>= 3.7.2), libibverbs1 (>= 28), libjpeg8 (>= 8c), libnettle8, libnuma1 (>= 2.0.11), libpixman-1-0 (>= 0.19.6), libpmem1 (>= 1.4), libpng16-16 (>= 1.6.2-1), librdmacm1 (>= 1.0.15), libsasl2-2 (>= 2.1.27+dfsg2), libseccomp2 (>= 2.1.0), libslirp0 (>= 4.0.0), libudev1 (>= 183), liburing2 (>= 2.0), libzstd1 (>= 1.4.0), zlib1g (>= 1:1.2.0), qemu-system-common (= 1:6.2+dfsg-2ubuntu6.31), qemu-system-data (>> 1:6.2+dfsg-2ubuntu6.31~)
Package: qemu-system-misc
Version: 1:6.2+dfsg-2ubuntu6.30
Depends: libaio1 (>= 0.3.93), libc6 (>= 2.34), libfdt1 (>= 1.6.1), libfuse3-3 (>= 3.2.3), libgcc-s1 (>= 4.7), libglib2.0-0 (>= 2.67.3), libgnutls30 (>= 3.7.2), libibverbs1 (>= 28), libjpeg8 (>= 8c), libnettle8, libnuma1 (>= 2.0.11), libpixman-1-0 (>= 0.19.6), libpmem1 (>= 1.4), libpng16-16 (>= 1.6.2-1), librdmacm1 (>= 1.0.15), libsasl2-2 (>= 2.1.27+dfsg2), libseccomp2 (>= 2.1.0), libslirp0 (>= 4.0.0), libudev1 (>= 183), liburing2 (>= 2.0), libzstd1 (>= 1.4.0), zlib1g (>= 1:1.2.0), qemu-system-common (= 1:6.2+dfsg-2ubuntu6.30), qemu-system-data (>> 1:6.2+dfsg-2ubuntu6.30~)
Package: qemu-system-misc
Version: 1:6.2+dfsg-2ubuntu6
Depends: libaio1 (>= 0.3.93), libc6 (>= 2.34), libfdt1 (>= 1.6.1), libfuse3-3 (>= 3.2.3), libgcc-s1 (>= 4.7), libglib2.0-0 (>= 2.39.4), libgnutls30 (>= 3.7.2), libibverbs1 (>= 28), libjpeg8 (>= 8c), libnettle8, libnuma1 (>= 2.0.11), libpixman-1-0 (>= 0.19.6), libpmem1 (>= 1.4), libpng16-16 (>= 1.6.2-1), librdmacm1 (>= 1.0.15), libsasl2-2 (>= 2.1.27+dfsg2), libseccomp2 (>= 2.1.0), libslirp0 (>= 4.0.0), libudev1 (>= 183), liburing2 (>= 2.0), libzstd1 (>= 1.4.0), zlib1g (>= 1:1.2.0), qemu-system-common (= 1:6.2+dfsg-2ubuntu6), qemu-system-data (>> 1:6.2+dfsg-2ubuntu6~)

[exit code: 0]
