total 20
drwxr-xr-x  5 lenovo lenovo 4096 Oct  7 14:52 .
drwxr-x--- 17 lenovo lenovo 4096 Oct  7 15:01 ..
drwxr-xr-x  2 lenovo lenovo 4096 Sep 29 14:56 qemu
drwxr-xr-x  2 lenovo lenovo 4096 Sep 29 14:56 toolchain
drwxr-xr-x  8 lenovo lenovo 4096 Oct  7 15:10 workspace
/home/lenovo/os-lab/workspace/Operation-System-Labs/.gitignore (118 bytes)
/home/lenovo/os-lab/workspace/Operation-System-Labs/README.md (11355 bytes)
/home/lenovo/os-lab/workspace/Operation-System-Labs/code/Makefile (4814 bytes)
/home/lenovo/os-lab/workspace/Operation-System-Labs/code/libs/defs.h (2772 bytes)
/home/lenovo/os-lab/workspace/Operation-System-Labs/code/libs/error.h (611 bytes)
/home/lenovo/os-lab/workspace/Operation-System-Labs/code/libs/printfmt.c (9784 bytes)
/home/lenovo/os-lab/workspace/Operation-System-Labs/code/libs/readline.c (1299 bytes)
/home/lenovo/os-lab/workspace/Operation-System-Labs/code/libs/riscv.h (46924 bytes)
/home/lenovo/os-lab/workspace/Operation-System-Labs/code/libs/sbi.c (1006 bytes)
/home/lenovo/os-lab/workspace/Operation-System-Labs/code/libs/sbi.h (470 bytes)
/home/lenovo/os-lab/workspace/Operation-System-Labs/code/libs/stdarg.h (357 bytes)
/home/lenovo/os-lab/workspace/Operation-System-Labs/code/libs/stdio.h (670 bytes)
/home/lenovo/os-lab/workspace/Operation-System-Labs/code/libs/string.c (10987 bytes)
/home/lenovo/os-lab/workspace/Operation-System-Labs/code/libs/string.h (707 bytes)
/home/lenovo/os-lab/workspace/Operation-System-Labs/code/tools/function.mk (3011 bytes)
/home/lenovo/os-lab/workspace/Operation-System-Labs/code/tools/kernel.ld (934 bytes)
/home/lenovo/os-lab/workspace/Operation-System-Labs/report/images/.gitkeep (0 bytes)
/home/lenovo/os-lab/workspace/Operation-System-Labs/report/prompt.md (0 bytes)
/home/lenovo/os-lab/workspace/Operation-System-Labs/report/report.md (5321 bytes)
/home/lenovo/os-lab/workspace/docs/Lab1_Agent_Execution_Plan.md (27989 bytes)
/home/lenovo/os-lab/workspace/docs/workflow.md (4630 bytes)
d /home/lenovo/os-lab/qemu
d /home/lenovo/os-lab/toolchain

[exit code: 0]
