README.md-91-例如：
README.md-92-
README.md-93-```text
README.md:94:work/lab1/wenjie/gdb-trace
README.md-95-work/lab1/member-b/report
README.md-96-work/lab2/member-c/page-allocator
README.md-97-```
--
README.md-261-例如：
README.md-262-
README.md-263-```text
README.md:264:[Lab1] 完成 GDB 启动链追踪
README.md-265-[Lab1] 完成实验报告
README.md-266-[Lab1] 汇总 Prompt
README.md-267-[Lab2] 实现 page allocator
--
README.md-311-说明如何验证，例如：
README.md-312-
README.md-313-make
README.md:314:make qemu
README.md-315-
README.md-316-
README.md-317-## Prompt
--
README.md-440-
README.md-441-```text
README.md-442-01-build-success.png
README.md:443:02-qemu-start.png
README.md:444:03-gdb-pc-1000.png
README.md:445:04-gdb-opensbi.png
README.md-446-05-kernel-entry.png
README.md-447-```
README.md-448-
--
README.md-458-报告中使用相对路径：
README.md-459-
README.md-460-```markdown
README.md:461:![GDB 跟踪结果](./images/03-gdb-pc-1000.png)
README.md-462-```
README.md-463-
README.md-464-最终只保留报告实际引用、与实验验证有关的截图。
--
README.md-567-编译
README.md-568-运行
README.md-569-测试
README.md:570:GDB / QEMU 验证
README.md-571-```
README.md-572-
README.md-573-### 3. 独立复现
--
../docs/workflow.md-18-   - code/tools/kernel.ld
../docs/workflow.md-19-   - code/kern/init/entry.S
../docs/workflow.md-20-   - code/kern/init/init.c
../docs/workflow.md:21:3. 检查 RISC-V GCC、GDB、QEMU、make 是否可用。
../docs/workflow.md-22-4. 从干净状态执行编译。
../docs/workflow.md-23-5. 使用 readelf / nm / objdump 做静态验证。
../docs/workflow.md:24:6. 实际运行 make qemu，验证内核运行。
../docs/workflow.md:25:7. 实际使用 QEMU + GDB 完成启动链调试：
../docs/workflow.md-26-   0x1000
../docs/workflow.md-27-   -> 0x80000000
../docs/workflow.md-28-   -> 0x80200000
--
../docs/workflow.md-72-- 如果问题属于工具链或环境，优先修环境；
../docs/workflow.md-73-- 如果需要修改 code/ 中老师提供的代码，必须先证明这是必要的，并记录原因。
../docs/workflow.md-74-
../docs/workflow.md:75:关于 QEMU/GDB：
../docs/workflow.md-76-
../docs/workflow.md-77-这是一个需要两个进程协同的实验。
../docs/workflow.md-78-不要因为无法手工打开两个终端就跳过。
--
../docs/workflow.md-80-你可以自行采用：
../docs/workflow.md-81-- 后台进程；
../docs/workflow.md-82-- timeout；
../docs/workflow.md:83:- GDB batch mode；
../docs/workflow.md-84-- shell script；
../docs/workflow.md-85-- 其他可复现方式
../docs/workflow.md-86-
../docs/workflow.md-87-来实现：
../docs/workflow.md-88-
../docs/workflow.md:89:QEMU debug server
../docs/workflow.md-90-+
../docs/workflow.md:91:RISC-V GDB
../docs/workflow.md-92-
../docs/workflow.md-93-的自动协同。
../docs/workflow.md-94-
../docs/workflow.md-95-但必须确保：
../docs/workflow.md:96:- QEMU 进程最终被正确清理；
../docs/workflow.md-97-- 不残留端口 1234 占用；
../docs/workflow.md:98:- 不残留后台 QEMU/GDB 进程。
../docs/workflow.md-99-
../docs/workflow.md-100-需要实际验证以下地址：
../docs/workflow.md-101-
--
../docs/workflow.md-103-0x80000000
../docs/workflow.md-104-0x80200000
../docs/workflow.md-105-
../docs/workflow.md:106:如果具体 QEMU 版本造成启动细节与文档不同：
../docs/workflow.md-107-不要强行匹配文档。
../docs/workflow.md:108:记录实际结果，并通过源码、QEMU 参数和 GDB 输出分析差异。
../docs/workflow.md-109-
../docs/workflow.md-110-截图问题：
../docs/workflow.md-111-
--
../docs/workflow.md-145-因此不要机械执行 make grade 后为了通过测试去修改代码。
../docs/workflow.md-146-如果确认该文件确实不存在，在报告中说明当前验收使用：
../docs/workflow.md-147-make
../docs/workflow.md:148:make qemu
../docs/workflow.md-149-make debug
../docs/workflow.md:150:make gdb
../docs/workflow.md:151:以及 GDB 启动链验证。
../docs/workflow.md-152-
../docs/workflow.md-153-Git：
../docs/workflow.md-154-
--
../docs/Lab1_Agent_Execution_Plan.md-4->
../docs/Lab1_Agent_Execution_Plan.md-5-> 本文按“由一个人从头到尾完整执行该作业”的方式组织，不讨论三人分工。最终提交时，小组成员信息仍按课程实际要求填写。
../docs/Lab1_Agent_Execution_Plan.md-6->
../docs/Lab1_Agent_Execution_Plan.md:7:> 当前 Lab1 的核心不是补大量操作系统功能，而是：**编译并运行 RISC-V 内核，使用 QEMU + GDB 跟踪从复位入口到 OpenSBI，再到内核入口的启动链，理解每一层为什么存在，并形成可复现的实验报告与 Prompt 记录。**
../docs/Lab1_Agent_Execution_Plan.md-8-
../docs/Lab1_Agent_Execution_Plan.md-9----
../docs/Lab1_Agent_Execution_Plan.md-10-
--
../docs/Lab1_Agent_Execution_Plan.md-13-完成 Lab1 后，应能独立证明下面这条启动链：
../docs/Lab1_Agent_Execution_Plan.md-14-
../docs/Lab1_Agent_Execution_Plan.md-15-```text
../docs/Lab1_Agent_Execution_Plan.md:16:QEMU 启动
../docs/Lab1_Agent_Execution_Plan.md-17-    ↓
../docs/Lab1_Agent_Execution_Plan.md-18-PC = 0x1000
../docs/Lab1_Agent_Execution_Plan.md:19:QEMU virt 复位入口 / reset vector
../docs/Lab1_Agent_Execution_Plan.md-20-    ↓
../docs/Lab1_Agent_Execution_Plan.md-21-PC = 0x80000000
../docs/Lab1_Agent_Execution_Plan.md-22-OpenSBI 固件
--
../docs/Lab1_Agent_Execution_Plan.md-39-最终至少完成：
../docs/Lab1_Agent_Execution_Plan.md-40-
../docs/Lab1_Agent_Execution_Plan.md-41-- [ ] `make` 编译成功；
../docs/Lab1_Agent_Execution_Plan.md:42:- [ ] `make qemu` 能正常启动；
../docs/Lab1_Agent_Execution_Plan.md-43-- [ ] 能解释 `0x1000`、`0x80000000`、`0x80200000`；
../docs/Lab1_Agent_Execution_Plan.md:44:- [ ] 能用 GDB 实际观察 PC 从 `0x1000` 进入 OpenSBI；
../docs/Lab1_Agent_Execution_Plan.md-45-- [ ] 能在 `0x80200000` / `kern_entry` 停下；
../docs/Lab1_Agent_Execution_Plan.md-46-- [ ] 能跟踪 `kern_entry -> kern_init`；
../docs/Lab1_Agent_Execution_Plan.md:47:- [ ] 能解释 `Makefile` 中 `qemu`、`debug`、`gdb` 三个目标；
../docs/Lab1_Agent_Execution_Plan.md-48-- [ ] 能解释 `kernel.ld` 为什么把内核链接到 `0x80200000`；
../docs/Lab1_Agent_Execution_Plan.md:49:- [ ] 能解释为什么 GDB 加载 `bin/kernel`，而 QEMU 加载 `bin/ucore.img`；
../docs/Lab1_Agent_Execution_Plan.md-50-- [ ] 截图保存到 `report/images/`；
../docs/Lab1_Agent_Execution_Plan.md-51-- [ ] `report/report.md` 填写完整；
../docs/Lab1_Agent_Execution_Plan.md-52-- [ ] `report/prompt.md` 记录真实 AI 交互；
--
../docs/Lab1_Agent_Execution_Plan.md-146-
../docs/Lab1_Agent_Execution_Plan.md-147-## 2.1 目标
../docs/Lab1_Agent_Execution_Plan.md-148-
../docs/Lab1_Agent_Execution_Plan.md:149:在启动 QEMU 前先弄清楚：
../docs/Lab1_Agent_Execution_Plan.md-150-
../docs/Lab1_Agent_Execution_Plan.md-151-- 内核从哪里链接；
../docs/Lab1_Agent_Execution_Plan.md:152:- QEMU 把内核放到哪里；
../docs/Lab1_Agent_Execution_Plan.md:153:- GDB 怎么连接；
../docs/Lab1_Agent_Execution_Plan.md-154-- 内核第一段自己的代码是什么；
../docs/Lab1_Agent_Execution_Plan.md-155-- 内核最终应该打印什么。
../docs/Lab1_Agent_Execution_Plan.md-156-
--
../docs/Lab1_Agent_Execution_Plan.md-171-重点找：
../docs/Lab1_Agent_Execution_Plan.md-172-
../docs/Lab1_Agent_Execution_Plan.md-173-```makefile
../docs/Lab1_Agent_Execution_Plan.md:174:GCCPREFIX := riscv64-unknown-elf-
../docs/Lab1_Agent_Execution_Plan.md:175:QEMU := qemu-system-riscv64
../docs/Lab1_Agent_Execution_Plan.md-176-```
../docs/Lab1_Agent_Execution_Plan.md-177-
../docs/Lab1_Agent_Execution_Plan.md-178-以及目标：
../docs/Lab1_Agent_Execution_Plan.md-179-
../docs/Lab1_Agent_Execution_Plan.md-180-```makefile
../docs/Lab1_Agent_Execution_Plan.md:181:qemu:
../docs/Lab1_Agent_Execution_Plan.md-182-debug:
../docs/Lab1_Agent_Execution_Plan.md:183:gdb:
../docs/Lab1_Agent_Execution_Plan.md-184-```
../docs/Lab1_Agent_Execution_Plan.md-185-
../docs/Lab1_Agent_Execution_Plan.md:186:当前 Lab1 的关键 QEMU 参数是：
../docs/Lab1_Agent_Execution_Plan.md-187-
../docs/Lab1_Agent_Execution_Plan.md-188-```text
../docs/Lab1_Agent_Execution_Plan.md-189--machine virt
--
../docs/Lab1_Agent_Execution_Plan.md-198--s -S
../docs/Lab1_Agent_Execution_Plan.md-199-```
../docs/Lab1_Agent_Execution_Plan.md-200-
../docs/Lab1_Agent_Execution_Plan.md:201:GDB 连接：
../docs/Lab1_Agent_Execution_Plan.md-202-
../docs/Lab1_Agent_Execution_Plan.md-203-```text
../docs/Lab1_Agent_Execution_Plan.md-204-localhost:1234
--
../docs/Lab1_Agent_Execution_Plan.md-210-bin/kernel
../docs/Lab1_Agent_Execution_Plan.md-211-```
../docs/Lab1_Agent_Execution_Plan.md-212-
../docs/Lab1_Agent_Execution_Plan.md:213:## 2.4 逐项理解 QEMU 参数
../docs/Lab1_Agent_Execution_Plan.md-214-
../docs/Lab1_Agent_Execution_Plan.md-215-### `-machine virt`
../docs/Lab1_Agent_Execution_Plan.md-216-
../docs/Lab1_Agent_Execution_Plan.md:217:使用 QEMU 的 RISC-V `virt` 虚拟开发板。
../docs/Lab1_Agent_Execution_Plan.md-218-
../docs/Lab1_Agent_Execution_Plan.md-219-实验运行在模拟出来的 RISC-V 机器上，而不是本机 x86 CPU 上。
../docs/Lab1_Agent_Execution_Plan.md-220-
--
../docs/Lab1_Agent_Execution_Plan.md-232-
../docs/Lab1_Agent_Execution_Plan.md-233-### `-bios default`
../docs/Lab1_Agent_Execution_Plan.md-234-
../docs/Lab1_Agent_Execution_Plan.md:235:让 QEMU 使用默认 RISC-V firmware。
../docs/Lab1_Agent_Execution_Plan.md-236-
../docs/Lab1_Agent_Execution_Plan.md-237-在本实验中需要理解为：
../docs/Lab1_Agent_Execution_Plan.md-238-
../docs/Lab1_Agent_Execution_Plan.md-239-```text
../docs/Lab1_Agent_Execution_Plan.md:240:QEMU reset
../docs/Lab1_Agent_Execution_Plan.md-241-→ OpenSBI
../docs/Lab1_Agent_Execution_Plan.md-242-→ ucore kernel
../docs/Lab1_Agent_Execution_Plan.md-243-```
--
../docs/Lab1_Agent_Execution_Plan.md-254-
../docs/Lab1_Agent_Execution_Plan.md-255-### `-s`
../docs/Lab1_Agent_Execution_Plan.md-256-
../docs/Lab1_Agent_Execution_Plan.md:257:开启 QEMU GDB Server，默认监听：
../docs/Lab1_Agent_Execution_Plan.md-258-
../docs/Lab1_Agent_Execution_Plan.md-259-```text
../docs/Lab1_Agent_Execution_Plan.md-260-TCP 1234
--
../docs/Lab1_Agent_Execution_Plan.md-262-
../docs/Lab1_Agent_Execution_Plan.md-263-### `-S`
../docs/Lab1_Agent_Execution_Plan.md-264-
../docs/Lab1_Agent_Execution_Plan.md:265:QEMU 启动后暂停 CPU。
../docs/Lab1_Agent_Execution_Plan.md-266-
../docs/Lab1_Agent_Execution_Plan.md:267:直到 GDB 发出：
../docs/Lab1_Agent_Execution_Plan.md-268-
../docs/Lab1_Agent_Execution_Plan.md:269:```gdb
../docs/Lab1_Agent_Execution_Plan.md-270-continue
../docs/Lab1_Agent_Execution_Plan.md-271-```
../docs/Lab1_Agent_Execution_Plan.md-272-
../docs/Lab1_Agent_Execution_Plan.md-273-或：
../docs/Lab1_Agent_Execution_Plan.md-274-
../docs/Lab1_Agent_Execution_Plan.md:275:```gdb
../docs/Lab1_Agent_Execution_Plan.md-276-si
../docs/Lab1_Agent_Execution_Plan.md-277-```
../docs/Lab1_Agent_Execution_Plan.md-278-
--
../docs/Lab1_Agent_Execution_Plan.md-281-所以：
../docs/Lab1_Agent_Execution_Plan.md-282-
../docs/Lab1_Agent_Execution_Plan.md-283-```text
../docs/Lab1_Agent_Execution_Plan.md:284:-s = 让 GDB 能连接
../docs/Lab1_Agent_Execution_Plan.md-285--S = 先别让 CPU 跑
../docs/Lab1_Agent_Execution_Plan.md-286-```
../docs/Lab1_Agent_Execution_Plan.md-287-
--
../docs/Lab1_Agent_Execution_Plan.md-415-3. code/kern/init/entry.S
../docs/Lab1_Agent_Execution_Plan.md-416-4. code/kern/init/init.c
../docs/Lab1_Agent_Execution_Plan.md-417-
../docs/Lab1_Agent_Execution_Plan.md:418:请建立一条从 QEMU 启动到 kern_init 的控制流，并解释：
../docs/Lab1_Agent_Execution_Plan.md:419:- QEMU 在哪里加载内核；
../docs/Lab1_Agent_Execution_Plan.md-420-- kernel.ld 为什么使用 0x80200000；
../docs/Lab1_Agent_Execution_Plan.md-421-- OpenSBI 在其中扮演什么角色；
../docs/Lab1_Agent_Execution_Plan.md-422-- kern_entry 做了什么；
../docs/Lab1_Agent_Execution_Plan.md:423:- make debug 与 make gdb 如何配合。
../docs/Lab1_Agent_Execution_Plan.md-424-
../docs/Lab1_Agent_Execution_Plan.md-425-不要修改文件。
../docs/Lab1_Agent_Execution_Plan.md-426-```
--
../docs/Lab1_Agent_Execution_Plan.md-428-AI 合理的输出应接近：
../docs/Lab1_Agent_Execution_Plan.md-429-
../docs/Lab1_Agent_Execution_Plan.md-430-```text
../docs/Lab1_Agent_Execution_Plan.md:431:QEMU reset
../docs/Lab1_Agent_Execution_Plan.md-432-→ OpenSBI
../docs/Lab1_Agent_Execution_Plan.md-433-→ kernel @ 0x80200000
../docs/Lab1_Agent_Execution_Plan.md-434-→ kern_entry
--
../docs/Lab1_Agent_Execution_Plan.md-446-+
../docs/Lab1_Agent_Execution_Plan.md-447-ELF 静态信息
../docs/Lab1_Agent_Execution_Plan.md-448-+
../docs/Lab1_Agent_Execution_Plan.md:449:GDB 动态调试
../docs/Lab1_Agent_Execution_Plan.md-450-```
../docs/Lab1_Agent_Execution_Plan.md-451-
../docs/Lab1_Agent_Execution_Plan.md-452-验证 AI 的结论。
--
../docs/Lab1_Agent_Execution_Plan.md-458-执行：
../docs/Lab1_Agent_Execution_Plan.md-459-
../docs/Lab1_Agent_Execution_Plan.md-460-```bash
../docs/Lab1_Agent_Execution_Plan.md:461:riscv64-unknown-elf-gcc --version
../docs/Lab1_Agent_Execution_Plan.md:462:riscv64-unknown-elf-gdb --version
../docs/Lab1_Agent_Execution_Plan.md:463:qemu-system-riscv64 --version
../docs/Lab1_Agent_Execution_Plan.md-464-make --version
../docs/Lab1_Agent_Execution_Plan.md-465-```
../docs/Lab1_Agent_Execution_Plan.md-466-
../docs/Lab1_Agent_Execution_Plan.md-467-再确认路径：
../docs/Lab1_Agent_Execution_Plan.md-468-
../docs/Lab1_Agent_Execution_Plan.md-469-```bash
../docs/Lab1_Agent_Execution_Plan.md:470:which riscv64-unknown-elf-gcc
../docs/Lab1_Agent_Execution_Plan.md:471:which riscv64-unknown-elf-gdb
../docs/Lab1_Agent_Execution_Plan.md:472:which qemu-system-riscv64
../docs/Lab1_Agent_Execution_Plan.md-473-```
../docs/Lab1_Agent_Execution_Plan.md-474-
../docs/Lab1_Agent_Execution_Plan.md-475-通过标准：上述命令均能正常输出。
--
../docs/Lab1_Agent_Execution_Plan.md-485-这属于：
../docs/Lab1_Agent_Execution_Plan.md-486-
../docs/Lab1_Agent_Execution_Plan.md-487-```text
../docs/Lab1_Agent_Execution_Plan.md:488:工具链/PATH 问题
../docs/Lab1_Agent_Execution_Plan.md-489-```
../docs/Lab1_Agent_Execution_Plan.md-490-
../docs/Lab1_Agent_Execution_Plan.md-491-不是 Lab1 代码问题。
--
../docs/Lab1_Agent_Execution_Plan.md-505-预期编译流程会包含：
../docs/Lab1_Agent_Execution_Plan.md-506-
../docs/Lab1_Agent_Execution_Plan.md-507-```text
../docs/Lab1_Agent_Execution_Plan.md:508:riscv64-unknown-elf-gcc
../docs/Lab1_Agent_Execution_Plan.md:509:→ riscv64-unknown-elf-ld
../docs/Lab1_Agent_Execution_Plan.md-510-→ bin/kernel
../docs/Lab1_Agent_Execution_Plan.md-511-→ objcopy
../docs/Lab1_Agent_Execution_Plan.md-512-→ bin/ucore.img
--
../docs/Lab1_Agent_Execution_Plan.md-548-地址信息
../docs/Lab1_Agent_Execution_Plan.md-549-```
../docs/Lab1_Agent_Execution_Plan.md-550-
../docs/Lab1_Agent_Execution_Plan.md:551:所以 GDB 使用：
../docs/Lab1_Agent_Execution_Plan.md-552-
../docs/Lab1_Agent_Execution_Plan.md:553:```gdb
../docs/Lab1_Agent_Execution_Plan.md-554-file bin/kernel
../docs/Lab1_Agent_Execution_Plan.md-555-```
../docs/Lab1_Agent_Execution_Plan.md-556-
../docs/Lab1_Agent_Execution_Plan.md:557:因为 GDB 需要符号和调试信息。
../docs/Lab1_Agent_Execution_Plan.md-558-
../docs/Lab1_Agent_Execution_Plan.md-559-### `bin/ucore.img`
../docs/Lab1_Agent_Execution_Plan.md-560-
--
../docs/Lab1_Agent_Execution_Plan.md-574-bin/ucore.img
../docs/Lab1_Agent_Execution_Plan.md-575-```
../docs/Lab1_Agent_Execution_Plan.md-576-
../docs/Lab1_Agent_Execution_Plan.md:577:QEMU loader 再把它放到：
../docs/Lab1_Agent_Execution_Plan.md-578-
../docs/Lab1_Agent_Execution_Plan.md-579-```text
../docs/Lab1_Agent_Execution_Plan.md-580-0x80200000
--
../docs/Lab1_Agent_Execution_Plan.md-584-
../docs/Lab1_Agent_Execution_Plan.md-585-# 七、阶段 7：用静态工具验证 `0x80200000`
../docs/Lab1_Agent_Execution_Plan.md-586-
../docs/Lab1_Agent_Execution_Plan.md:587:这一阶段还不启动 QEMU。
../docs/Lab1_Agent_Execution_Plan.md-588-
../docs/Lab1_Agent_Execution_Plan.md-589-目标：先证明“内核被设计为从 `0x80200000` 开始执行”。
../docs/Lab1_Agent_Execution_Plan.md-590-
../docs/Lab1_Agent_Execution_Plan.md-591-## 7.1 查看 ELF Entry
../docs/Lab1_Agent_Execution_Plan.md-592-
../docs/Lab1_Agent_Execution_Plan.md-593-```bash
../docs/Lab1_Agent_Execution_Plan.md:594:riscv64-unknown-elf-readelf -h bin/kernel
../docs/Lab1_Agent_Execution_Plan.md-595-```
../docs/Lab1_Agent_Execution_Plan.md-596-
../docs/Lab1_Agent_Execution_Plan.md-597-重点：
--
../docs/Lab1_Agent_Execution_Plan.md-609-## 7.2 查看 `kern_entry`
../docs/Lab1_Agent_Execution_Plan.md-610-
../docs/Lab1_Agent_Execution_Plan.md-611-```bash
../docs/Lab1_Agent_Execution_Plan.md:612:riscv64-unknown-elf-nm -n bin/kernel | grep kern_entry
../docs/Lab1_Agent_Execution_Plan.md-613-```
../docs/Lab1_Agent_Execution_Plan.md-614-
../docs/Lab1_Agent_Execution_Plan.md-615-预期类似：
--
../docs/Lab1_Agent_Execution_Plan.md-621-## 7.3 反汇编入口
../docs/Lab1_Agent_Execution_Plan.md-622-
../docs/Lab1_Agent_Execution_Plan.md-623-```bash
../docs/Lab1_Agent_Execution_Plan.md:624:riscv64-unknown-elf-objdump -d bin/kernel | grep -A12 '<kern_entry>'
../docs/Lab1_Agent_Execution_Plan.md-625-```
../docs/Lab1_Agent_Execution_Plan.md-626-
../docs/Lab1_Agent_Execution_Plan.md-627-重点确认：
--
../docs/Lab1_Agent_Execution_Plan.md-640-
../docs/Lab1_Agent_Execution_Plan.md-641-是伪指令，最终可能展开为多条真实 RISC-V 指令。
../docs/Lab1_Agent_Execution_Plan.md-642-
../docs/Lab1_Agent_Execution_Plan.md:643:所以后面 GDB 使用 `si` 时：
../docs/Lab1_Agent_Execution_Plan.md-644-
../docs/Lab1_Agent_Execution_Plan.md-645-```text
../docs/Lab1_Agent_Execution_Plan.md-646-一次 si
--
../docs/Lab1_Agent_Execution_Plan.md-655-执行：
../docs/Lab1_Agent_Execution_Plan.md-656-
../docs/Lab1_Agent_Execution_Plan.md-657-```bash
../docs/Lab1_Agent_Execution_Plan.md:658:make qemu
../docs/Lab1_Agent_Execution_Plan.md-659-```
../docs/Lab1_Agent_Execution_Plan.md-660-
../docs/Lab1_Agent_Execution_Plan.md-661-预期先看到 OpenSBI 启动信息，之后看到：
--
../docs/Lab1_Agent_Execution_Plan.md-675-
../docs/Lab1_Agent_Execution_Plan.md-676-整体能跑通。
../docs/Lab1_Agent_Execution_Plan.md-677-
../docs/Lab1_Agent_Execution_Plan.md:678:## 8.1 为什么先普通运行再 GDB
../docs/Lab1_Agent_Execution_Plan.md-679-
../docs/Lab1_Agent_Execution_Plan.md:680:如果 `make qemu` 都跑不通，直接进入 GDB 会把：
../docs/Lab1_Agent_Execution_Plan.md-681-
../docs/Lab1_Agent_Execution_Plan.md-682-```text
../docs/Lab1_Agent_Execution_Plan.md-683-构建问题
../docs/Lab1_Agent_Execution_Plan.md:684:QEMU 配置问题
../docs/Lab1_Agent_Execution_Plan.md-685-工具链问题
../docs/Lab1_Agent_Execution_Plan.md:686:GDB 问题
../docs/Lab1_Agent_Execution_Plan.md-687-```
../docs/Lab1_Agent_Execution_Plan.md-688-
../docs/Lab1_Agent_Execution_Plan.md-689-混在一起。
../docs/Lab1_Agent_Execution_Plan.md-690-
../docs/Lab1_Agent_Execution_Plan.md-691-先证明“普通模式可运行”，再做细粒度启动跟踪，排错范围更小。
../docs/Lab1_Agent_Execution_Plan.md-692-
../docs/Lab1_Agent_Execution_Plan.md:693:## 8.2 退出 QEMU
../docs/Lab1_Agent_Execution_Plan.md-694-
../docs/Lab1_Agent_Execution_Plan.md-695-`-nographic` 下通常使用：
../docs/Lab1_Agent_Execution_Plan.md-696-
--
../docs/Lab1_Agent_Execution_Plan.md-707-
../docs/Lab1_Agent_Execution_Plan.md-708----
../docs/Lab1_Agent_Execution_Plan.md-709-
../docs/Lab1_Agent_Execution_Plan.md:710:# 九、阶段 9：GDB 动态跟踪完整启动链
../docs/Lab1_Agent_Execution_Plan.md-711-
../docs/Lab1_Agent_Execution_Plan.md-712-这是 Lab1 的核心。
../docs/Lab1_Agent_Execution_Plan.md-713-
../docs/Lab1_Agent_Execution_Plan.md-714-需要两个终端。
../docs/Lab1_Agent_Execution_Plan.md-715-
../docs/Lab1_Agent_Execution_Plan.md:716:## 9.1 终端 A：启动暂停状态的 QEMU
../docs/Lab1_Agent_Execution_Plan.md-717-
../docs/Lab1_Agent_Execution_Plan.md-718-```bash
../docs/Lab1_Agent_Execution_Plan.md-719-cd ~/os-lab/workspace/Operation-System-Labs/code
--
../docs/Lab1_Agent_Execution_Plan.md-729-所以此时：
../docs/Lab1_Agent_Execution_Plan.md-730-
../docs/Lab1_Agent_Execution_Plan.md-731-```text
../docs/Lab1_Agent_Execution_Plan.md:732:QEMU 已启动
../docs/Lab1_Agent_Execution_Plan.md:733:GDB Server 监听 1234
../docs/Lab1_Agent_Execution_Plan.md-734-CPU 暂停
../docs/Lab1_Agent_Execution_Plan.md-735-```
../docs/Lab1_Agent_Execution_Plan.md-736-
../docs/Lab1_Agent_Execution_Plan.md-737-终端看起来没有继续输出是正常状态。
../docs/Lab1_Agent_Execution_Plan.md-738-
../docs/Lab1_Agent_Execution_Plan.md:739:## 9.2 终端 B：连接 GDB
../docs/Lab1_Agent_Execution_Plan.md-740-
../docs/Lab1_Agent_Execution_Plan.md-741-```bash
../docs/Lab1_Agent_Execution_Plan.md-742-cd ~/os-lab/workspace/Operation-System-Labs/code
../docs/Lab1_Agent_Execution_Plan.md:743:make gdb
../docs/Lab1_Agent_Execution_Plan.md-744-```
../docs/Lab1_Agent_Execution_Plan.md-745-
../docs/Lab1_Agent_Execution_Plan.md-746-Makefile 会完成：
../docs/Lab1_Agent_Execution_Plan.md-747-
../docs/Lab1_Agent_Execution_Plan.md:748:```gdb
../docs/Lab1_Agent_Execution_Plan.md-749-file bin/kernel
../docs/Lab1_Agent_Execution_Plan.md:750:set arch riscv:rv64
../docs/Lab1_Agent_Execution_Plan.md-751-target remote localhost:1234
../docs/Lab1_Agent_Execution_Plan.md-752-```
../docs/Lab1_Agent_Execution_Plan.md-753-
--
../docs/Lab1_Agent_Execution_Plan.md-757-
../docs/Lab1_Agent_Execution_Plan.md-758-## 10.1 查看 PC
../docs/Lab1_Agent_Execution_Plan.md-759-
../docs/Lab1_Agent_Execution_Plan.md:760:在 GDB：
../docs/Lab1_Agent_Execution_Plan.md-761-
../docs/Lab1_Agent_Execution_Plan.md:762:```gdb
../docs/Lab1_Agent_Execution_Plan.md-763-info registers pc
../docs/Lab1_Agent_Execution_Plan.md-764-```
../docs/Lab1_Agent_Execution_Plan.md-765-
../docs/Lab1_Agent_Execution_Plan.md-766-或：
../docs/Lab1_Agent_Execution_Plan.md-767-
../docs/Lab1_Agent_Execution_Plan.md:768:```gdb
../docs/Lab1_Agent_Execution_Plan.md-769-p/x $pc
../docs/Lab1_Agent_Execution_Plan.md-770-```
../docs/Lab1_Agent_Execution_Plan.md-771-
--
../docs/Lab1_Agent_Execution_Plan.md-781-
../docs/Lab1_Agent_Execution_Plan.md-782-## 10.2 查看复位入口指令
../docs/Lab1_Agent_Execution_Plan.md-783-
../docs/Lab1_Agent_Execution_Plan.md:784:```gdb
../docs/Lab1_Agent_Execution_Plan.md-785-x/10i $pc
../docs/Lab1_Agent_Execution_Plan.md-786-```
../docs/Lab1_Agent_Execution_Plan.md-787-
../docs/Lab1_Agent_Execution_Plan.md:788:具体指令文本受 QEMU 版本影响，所以报告不要机械复制固定指令。
../docs/Lab1_Agent_Execution_Plan.md-789-
../docs/Lab1_Agent_Execution_Plan.md-790-真正需要确认的是：
../docs/Lab1_Agent_Execution_Plan.md-791-
--
../docs/Lab1_Agent_Execution_Plan.md-803-
../docs/Lab1_Agent_Execution_Plan.md-804-可以先：
../docs/Lab1_Agent_Execution_Plan.md-805-
../docs/Lab1_Agent_Execution_Plan.md:806:```gdb
../docs/Lab1_Agent_Execution_Plan.md-807-display/i $pc
../docs/Lab1_Agent_Execution_Plan.md-808-display/x $pc
../docs/Lab1_Agent_Execution_Plan.md-809-```
../docs/Lab1_Agent_Execution_Plan.md-810-
../docs/Lab1_Agent_Execution_Plan.md-811-然后反复：
../docs/Lab1_Agent_Execution_Plan.md-812-
../docs/Lab1_Agent_Execution_Plan.md:813:```gdb
../docs/Lab1_Agent_Execution_Plan.md-814-si
../docs/Lab1_Agent_Execution_Plan.md-815-```
../docs/Lab1_Agent_Execution_Plan.md-816-
--
../docs/Lab1_Agent_Execution_Plan.md-822-
../docs/Lab1_Agent_Execution_Plan.md-823-不要死记“必须执行几次”。
../docs/Lab1_Agent_Execution_Plan.md-824-
../docs/Lab1_Agent_Execution_Plan.md:825:实际指令数量以你的 QEMU 输出为准。
../docs/Lab1_Agent_Execution_Plan.md-826-
../docs/Lab1_Agent_Execution_Plan.md-827-## 10.4 截图
../docs/Lab1_Agent_Execution_Plan.md-828-
../docs/Lab1_Agent_Execution_Plan.md-829-建议保存：
../docs/Lab1_Agent_Execution_Plan.md-830-
../docs/Lab1_Agent_Execution_Plan.md-831-```text
../docs/Lab1_Agent_Execution_Plan.md:832:report/images/02-gdb-reset-vector.png
../docs/Lab1_Agent_Execution_Plan.md-833-```
../docs/Lab1_Agent_Execution_Plan.md-834-
../docs/Lab1_Agent_Execution_Plan.md-835-截图至少包含：
--
../docs/Lab1_Agent_Execution_Plan.md-846-这一跳表示：
../docs/Lab1_Agent_Execution_Plan.md-847-
../docs/Lab1_Agent_Execution_Plan.md-848-```text
../docs/Lab1_Agent_Execution_Plan.md:849:QEMU reset vector
../docs/Lab1_Agent_Execution_Plan.md-850-        ↓
../docs/Lab1_Agent_Execution_Plan.md-851-OpenSBI firmware
../docs/Lab1_Agent_Execution_Plan.md-852-```
--
../docs/Lab1_Agent_Execution_Plan.md-855-
../docs/Lab1_Agent_Execution_Plan.md-856-| 地址 | 含义 |
../docs/Lab1_Agent_Execution_Plan.md-857-|---|---|
../docs/Lab1_Agent_Execution_Plan.md:858:| `0x1000` | QEMU virt 机器复位后最初执行的位置 |
../docs/Lab1_Agent_Execution_Plan.md-859-| `0x80000000` | OpenSBI firmware 的主要执行区域 |
../docs/Lab1_Agent_Execution_Plan.md-860-| `0x80200000` | 本实验 ucore kernel 的入口/加载地址 |
../docs/Lab1_Agent_Execution_Plan.md-861-
--
../docs/Lab1_Agent_Execution_Plan.md-887-
../docs/Lab1_Agent_Execution_Plan.md-888-执行：
../docs/Lab1_Agent_Execution_Plan.md-889-
../docs/Lab1_Agent_Execution_Plan.md:890:```gdb
../docs/Lab1_Agent_Execution_Plan.md-891-p/x $pc
../docs/Lab1_Agent_Execution_Plan.md-892-x/10i $pc
../docs/Lab1_Agent_Execution_Plan.md-893-```
--
../docs/Lab1_Agent_Execution_Plan.md-895-建议截图：
../docs/Lab1_Agent_Execution_Plan.md-896-
../docs/Lab1_Agent_Execution_Plan.md-897-```text
../docs/Lab1_Agent_Execution_Plan.md:898:report/images/03-gdb-opensbi-entry.png
../docs/Lab1_Agent_Execution_Plan.md-899-```
../docs/Lab1_Agent_Execution_Plan.md-900-
../docs/Lab1_Agent_Execution_Plan.md-901-## 12.1 不需要逐条跟完 OpenSBI
--
../docs/Lab1_Agent_Execution_Plan.md-903-Lab1 的目标不是把 OpenSBI 全部单步一遍，而是理解其角色：
../docs/Lab1_Agent_Execution_Plan.md-904-
../docs/Lab1_Agent_Execution_Plan.md-905-```text
../docs/Lab1_Agent_Execution_Plan.md:906:QEMU reset
../docs/Lab1_Agent_Execution_Plan.md-907-→ OpenSBI 接管
../docs/Lab1_Agent_Execution_Plan.md-908-→ 完成 Machine Mode 层面的初始化
../docs/Lab1_Agent_Execution_Plan.md-909-→ 最终把控制权交给 kernel
--
../docs/Lab1_Agent_Execution_Plan.md-917-
../docs/Lab1_Agent_Execution_Plan.md-918-设置：
../docs/Lab1_Agent_Execution_Plan.md-919-
../docs/Lab1_Agent_Execution_Plan.md:920:```gdb
../docs/Lab1_Agent_Execution_Plan.md-921-break *0x80200000
../docs/Lab1_Agent_Execution_Plan.md-922-```
../docs/Lab1_Agent_Execution_Plan.md-923-
../docs/Lab1_Agent_Execution_Plan.md-924-或者：
../docs/Lab1_Agent_Execution_Plan.md-925-
../docs/Lab1_Agent_Execution_Plan.md:926:```gdb
../docs/Lab1_Agent_Execution_Plan.md-927-break kern_entry
../docs/Lab1_Agent_Execution_Plan.md-928-```
../docs/Lab1_Agent_Execution_Plan.md-929-
../docs/Lab1_Agent_Execution_Plan.md-930-然后：
../docs/Lab1_Agent_Execution_Plan.md-931-
../docs/Lab1_Agent_Execution_Plan.md:932:```gdb
../docs/Lab1_Agent_Execution_Plan.md-933-continue
../docs/Lab1_Agent_Execution_Plan.md-934-```
../docs/Lab1_Agent_Execution_Plan.md-935-
--
../docs/Lab1_Agent_Execution_Plan.md-947-
../docs/Lab1_Agent_Execution_Plan.md-948-检查：
../docs/Lab1_Agent_Execution_Plan.md-949-
../docs/Lab1_Agent_Execution_Plan.md:950:```gdb
../docs/Lab1_Agent_Execution_Plan.md-951-p/x $pc
../docs/Lab1_Agent_Execution_Plan.md-952-x/10i $pc
../docs/Lab1_Agent_Execution_Plan.md-953-disassemble kern_entry
--
../docs/Lab1_Agent_Execution_Plan.md-974-    ↓
../docs/Lab1_Agent_Execution_Plan.md-975-ELF entry/kern_entry = 0x80200000
../docs/Lab1_Agent_Execution_Plan.md-976-    ↓
../docs/Lab1_Agent_Execution_Plan.md:977:QEMU loader 把 ucore.img 放到 0x80200000
../docs/Lab1_Agent_Execution_Plan.md-978-    ↓
../docs/Lab1_Agent_Execution_Plan.md-979-OpenSBI 最终执行到 0x80200000
../docs/Lab1_Agent_Execution_Plan.md-980-```
--
../docs/Lab1_Agent_Execution_Plan.md-982-建议截图：
../docs/Lab1_Agent_Execution_Plan.md-983-
../docs/Lab1_Agent_Execution_Plan.md-984-```text
../docs/Lab1_Agent_Execution_Plan.md:985:report/images/04-gdb-kernel-entry.png
../docs/Lab1_Agent_Execution_Plan.md-986-```
../docs/Lab1_Agent_Execution_Plan.md-987-
../docs/Lab1_Agent_Execution_Plan.md-988----
--
../docs/Lab1_Agent_Execution_Plan.md-993-
../docs/Lab1_Agent_Execution_Plan.md-994-进入 `kern_entry` 时先：
../docs/Lab1_Agent_Execution_Plan.md-995-
../docs/Lab1_Agent_Execution_Plan.md:996:```gdb
../docs/Lab1_Agent_Execution_Plan.md-997-p/x $sp
../docs/Lab1_Agent_Execution_Plan.md-998-```
../docs/Lab1_Agent_Execution_Plan.md-999-
../docs/Lab1_Agent_Execution_Plan.md-1000-再单步：
../docs/Lab1_Agent_Execution_Plan.md-1001-
../docs/Lab1_Agent_Execution_Plan.md:1002:```gdb
../docs/Lab1_Agent_Execution_Plan.md-1003-si
../docs/Lab1_Agent_Execution_Plan.md-1004-```
../docs/Lab1_Agent_Execution_Plan.md-1005-
--
../docs/Lab1_Agent_Execution_Plan.md-1013-
../docs/Lab1_Agent_Execution_Plan.md-1014-再次：
../docs/Lab1_Agent_Execution_Plan.md-1015-
../docs/Lab1_Agent_Execution_Plan.md:1016:```gdb
../docs/Lab1_Agent_Execution_Plan.md-1017-p/x $sp
../docs/Lab1_Agent_Execution_Plan.md-1018-p/x &bootstacktop
../docs/Lab1_Agent_Execution_Plan.md-1019-```
--
../docs/Lab1_Agent_Execution_Plan.md-1045-
../docs/Lab1_Agent_Execution_Plan.md-1046-设置断点：
../docs/Lab1_Agent_Execution_Plan.md-1047-
../docs/Lab1_Agent_Execution_Plan.md:1048:```gdb
../docs/Lab1_Agent_Execution_Plan.md-1049-break kern_init
../docs/Lab1_Agent_Execution_Plan.md-1050-```
../docs/Lab1_Agent_Execution_Plan.md-1051-
../docs/Lab1_Agent_Execution_Plan.md-1052-然后：
../docs/Lab1_Agent_Execution_Plan.md-1053-
../docs/Lab1_Agent_Execution_Plan.md:1054:```gdb
../docs/Lab1_Agent_Execution_Plan.md-1055-continue
../docs/Lab1_Agent_Execution_Plan.md-1056-```
../docs/Lab1_Agent_Execution_Plan.md-1057-
--
../docs/Lab1_Agent_Execution_Plan.md-1063-
../docs/Lab1_Agent_Execution_Plan.md-1064-查看：
../docs/Lab1_Agent_Execution_Plan.md-1065-
../docs/Lab1_Agent_Execution_Plan.md:1066:```gdb
../docs/Lab1_Agent_Execution_Plan.md-1067-p/x $pc
../docs/Lab1_Agent_Execution_Plan.md-1068-list
../docs/Lab1_Agent_Execution_Plan.md-1069-```
--
../docs/Lab1_Agent_Execution_Plan.md-1108-
../docs/Lab1_Agent_Execution_Plan.md-1109-# 十六、阶段 16：让内核继续运行
../docs/Lab1_Agent_Execution_Plan.md-1110-
../docs/Lab1_Agent_Execution_Plan.md:1111:GDB：
../docs/Lab1_Agent_Execution_Plan.md-1112-
../docs/Lab1_Agent_Execution_Plan.md:1113:```gdb
../docs/Lab1_Agent_Execution_Plan.md-1114-continue
../docs/Lab1_Agent_Execution_Plan.md-1115-```
../docs/Lab1_Agent_Execution_Plan.md-1116-
--
../docs/Lab1_Agent_Execution_Plan.md-1146-
../docs/Lab1_Agent_Execution_Plan.md-1147-报告应该建立在“第二次可重复执行”的流程上。
../docs/Lab1_Agent_Execution_Plan.md-1148-
../docs/Lab1_Agent_Execution_Plan.md:1149:退出 GDB/QEMU 后重新：
../docs/Lab1_Agent_Execution_Plan.md-1150-
../docs/Lab1_Agent_Execution_Plan.md-1151-终端 A：
../docs/Lab1_Agent_Execution_Plan.md-1152-
--
../docs/Lab1_Agent_Execution_Plan.md-1157-终端 B：
../docs/Lab1_Agent_Execution_Plan.md-1158-
../docs/Lab1_Agent_Execution_Plan.md-1159-```bash
../docs/Lab1_Agent_Execution_Plan.md:1160:make gdb
../docs/Lab1_Agent_Execution_Plan.md-1161-```
../docs/Lab1_Agent_Execution_Plan.md-1162-
../docs/Lab1_Agent_Execution_Plan.md-1163-然后用尽可能少的关键操作重新证明：
--
../docs/Lab1_Agent_Execution_Plan.md-1182-```text
../docs/Lab1_Agent_Execution_Plan.md-1183-report/images/
../docs/Lab1_Agent_Execution_Plan.md-1184-├── 01-build-success.png
../docs/Lab1_Agent_Execution_Plan.md:1185:├── 02-gdb-reset-vector.png
../docs/Lab1_Agent_Execution_Plan.md:1186:├── 03-gdb-opensbi-entry.png
../docs/Lab1_Agent_Execution_Plan.md:1187:├── 04-gdb-kernel-entry.png
../docs/Lab1_Agent_Execution_Plan.md-1188-└── 05-kernel-output.png
../docs/Lab1_Agent_Execution_Plan.md-1189-```
../docs/Lab1_Agent_Execution_Plan.md-1190-
../docs/Lab1_Agent_Execution_Plan.md-1191-含义：
../docs/Lab1_Agent_Execution_Plan.md-1192-
../docs/Lab1_Agent_Execution_Plan.md-1193-- `01-build-success.png`：证明 `make` 成功；
../docs/Lab1_Agent_Execution_Plan.md:1194:- `02-gdb-reset-vector.png`：证明 `PC = 0x1000`；
../docs/Lab1_Agent_Execution_Plan.md:1195:- `03-gdb-opensbi-entry.png`：证明进入 `0x80000000`；
../docs/Lab1_Agent_Execution_Plan.md:1196:- `04-gdb-kernel-entry.png`：证明进入 `0x80200000 / kern_entry`；
../docs/Lab1_Agent_Execution_Plan.md-1197-- `05-kernel-output.png`：证明 `kern_init` 最终运行成功。
../docs/Lab1_Agent_Execution_Plan.md-1198-
../docs/Lab1_Agent_Execution_Plan.md-1199-不要为了“显得详细”放大量意义重复的截图。
--
../docs/Lab1_Agent_Execution_Plan.md-1241-AI 判断启动链为：
../docs/Lab1_Agent_Execution_Plan.md-1242-
../docs/Lab1_Agent_Execution_Plan.md-1243-```text
../docs/Lab1_Agent_Execution_Plan.md:1244:QEMU reset
../docs/Lab1_Agent_Execution_Plan.md-1245-→ OpenSBI
../docs/Lab1_Agent_Execution_Plan.md-1246-→ kern_entry
../docs/Lab1_Agent_Execution_Plan.md-1247-→ kern_init
--
../docs/Lab1_Agent_Execution_Plan.md-1253-
../docs/Lab1_Agent_Execution_Plan.md-1254-```bash
../docs/Lab1_Agent_Execution_Plan.md-1255-make debug
../docs/Lab1_Agent_Execution_Plan.md:1256:make gdb
../docs/Lab1_Agent_Execution_Plan.md-1257-```
../docs/Lab1_Agent_Execution_Plan.md-1258-
../docs/Lab1_Agent_Execution_Plan.md-1259-实际观察 PC：
--
../docs/Lab1_Agent_Execution_Plan.md-1274-1. 让 AI 阅读 `Makefile/kernel.ld/entry.S/init.c` 分析启动路径；
../docs/Lab1_Agent_Execution_Plan.md-1275-2. 询问 `0x1000 / 0x80000000 / 0x80200000` 的含义；
../docs/Lab1_Agent_Execution_Plan.md-1276-3. 询问 `-s` 与 `-S` 区别；
../docs/Lab1_Agent_Execution_Plan.md:1277:4. 询问为什么 GDB 使用 ELF，而 QEMU 使用 raw image；
../docs/Lab1_Agent_Execution_Plan.md-1278-5. 出现真实错误时，记录错误和纠错 Prompt。
../docs/Lab1_Agent_Execution_Plan.md-1279-
../docs/Lab1_Agent_Execution_Plan.md-1280----
--
../docs/Lab1_Agent_Execution_Plan.md-1290-+
../docs/Lab1_Agent_Execution_Plan.md-1291-构建过程
../docs/Lab1_Agent_Execution_Plan.md-1292-+
../docs/Lab1_Agent_Execution_Plan.md:1293:QEMU 启动
../docs/Lab1_Agent_Execution_Plan.md-1294-+
../docs/Lab1_Agent_Execution_Plan.md:1295:GDB 调试
../docs/Lab1_Agent_Execution_Plan.md-1296-+
../docs/Lab1_Agent_Execution_Plan.md-1297-关键地址验证
../docs/Lab1_Agent_Execution_Plan.md-1298-```
--
../docs/Lab1_Agent_Execution_Plan.md-1301-
../docs/Lab1_Agent_Execution_Plan.md-1302-建议围绕：
../docs/Lab1_Agent_Execution_Plan.md-1303-
../docs/Lab1_Agent_Execution_Plan.md:1304:1. 理解 RISC-V/QEMU 下从复位到内核入口的启动过程；
../docs/Lab1_Agent_Execution_Plan.md-1305-2. 理解 OpenSBI 在启动过程中的作用；
../docs/Lab1_Agent_Execution_Plan.md:1306:3. 掌握 QEMU GDB Stub 与 RISC-V GDB 的基本调试方法；
../docs/Lab1_Agent_Execution_Plan.md-1307-4. 理解 ELF 链接地址、裸镜像加载地址与真实 PC 的关系；
../docs/Lab1_Agent_Execution_Plan.md-1308-5. 使用 AI 辅助分析代码，并通过实际运行验证 AI 结论。
../docs/Lab1_Agent_Execution_Plan.md-1309-
--
../docs/Lab1_Agent_Execution_Plan.md-1320-    ↓
../docs/Lab1_Agent_Execution_Plan.md-1321-readelf/nm 验证内核入口
../docs/Lab1_Agent_Execution_Plan.md-1322-    ↓
../docs/Lab1_Agent_Execution_Plan.md:1323:普通 QEMU 运行
../docs/Lab1_Agent_Execution_Plan.md-1324-    ↓
../docs/Lab1_Agent_Execution_Plan.md:1325:QEMU debug + GDB
../docs/Lab1_Agent_Execution_Plan.md-1326-    ↓
../docs/Lab1_Agent_Execution_Plan.md-1327-动态观察 0x1000
../docs/Lab1_Agent_Execution_Plan.md-1328-    ↓
--
../docs/Lab1_Agent_Execution_Plan.md-1369-
../docs/Lab1_Agent_Execution_Plan.md-1370-验证。
../docs/Lab1_Agent_Execution_Plan.md-1371-
../docs/Lab1_Agent_Execution_Plan.md:1372:### 部分 3：QEMU/OpenSBI 启动
../docs/Lab1_Agent_Execution_Plan.md-1373-
../docs/Lab1_Agent_Execution_Plan.md-1374-解释：
../docs/Lab1_Agent_Execution_Plan.md-1375-
--
../docs/Lab1_Agent_Execution_Plan.md-1423-
../docs/Lab1_Agent_Execution_Plan.md-1424-```text
../docs/Lab1_Agent_Execution_Plan.md-1425-make
../docs/Lab1_Agent_Execution_Plan.md:1426:make qemu
../docs/Lab1_Agent_Execution_Plan.md-1427-make debug
../docs/Lab1_Agent_Execution_Plan.md:1428:make gdb
../docs/Lab1_Agent_Execution_Plan.md:1429:GDB 启动链验证
../docs/Lab1_Agent_Execution_Plan.md-1430-```
../docs/Lab1_Agent_Execution_Plan.md-1431-
../docs/Lab1_Agent_Execution_Plan.md-1432----
--
../docs/Lab1_Agent_Execution_Plan.md-1444-再：
../docs/Lab1_Agent_Execution_Plan.md-1445-
../docs/Lab1_Agent_Execution_Plan.md-1446-```bash
../docs/Lab1_Agent_Execution_Plan.md:1447:make qemu
../docs/Lab1_Agent_Execution_Plan.md-1448-```
../docs/Lab1_Agent_Execution_Plan.md-1449-
../docs/Lab1_Agent_Execution_Plan.md-1450-确认仍然正常。
--
../docs/Lab1_Agent_Execution_Plan.md-1557-cd code
../docs/Lab1_Agent_Execution_Plan.md-1558-make clean
../docs/Lab1_Agent_Execution_Plan.md-1559-make
../docs/Lab1_Agent_Execution_Plan.md:1560:make qemu
../docs/Lab1_Agent_Execution_Plan.md-1561-```
../docs/Lab1_Agent_Execution_Plan.md-1562-
../docs/Lab1_Agent_Execution_Plan.md:1563:再重新执行 GDB：
../docs/Lab1_Agent_Execution_Plan.md-1564-
../docs/Lab1_Agent_Execution_Plan.md-1565-终端 A：
../docs/Lab1_Agent_Execution_Plan.md-1566-
--
../docs/Lab1_Agent_Execution_Plan.md-1571-终端 B：
../docs/Lab1_Agent_Execution_Plan.md-1572-
../docs/Lab1_Agent_Execution_Plan.md-1573-```bash
../docs/Lab1_Agent_Execution_Plan.md:1574:make gdb
../docs/Lab1_Agent_Execution_Plan.md-1575-```
../docs/Lab1_Agent_Execution_Plan.md-1576-
../docs/Lab1_Agent_Execution_Plan.md-1577-至少确认：
--
../docs/Lab1_Agent_Execution_Plan.md-1592-
../docs/Lab1_Agent_Execution_Plan.md-1593-## 25.1 为什么 CPU 一开始是 `0x1000`，不是 `0x80200000`？
../docs/Lab1_Agent_Execution_Plan.md-1594-
../docs/Lab1_Agent_Execution_Plan.md:1595:因为 `0x80200000` 是本实验 kernel 的入口，而 CPU reset 后首先执行 QEMU virt 的复位启动代码。
../docs/Lab1_Agent_Execution_Plan.md-1596-
../docs/Lab1_Agent_Execution_Plan.md-1597-所以：
../docs/Lab1_Agent_Execution_Plan.md-1598-
--
../docs/Lab1_Agent_Execution_Plan.md-1616-BASE_ADDRESS = 0x80200000;
../docs/Lab1_Agent_Execution_Plan.md-1617-```
../docs/Lab1_Agent_Execution_Plan.md-1618-
../docs/Lab1_Agent_Execution_Plan.md:1619:QEMU：
../docs/Lab1_Agent_Execution_Plan.md-1620-
../docs/Lab1_Agent_Execution_Plan.md-1621-```text
../docs/Lab1_Agent_Execution_Plan.md-1622--device loader,file=...,addr=0x80200000
--
../docs/Lab1_Agent_Execution_Plan.md-1627-## 25.4 `-s` 和 `-S` 有什么区别？
../docs/Lab1_Agent_Execution_Plan.md-1628-
../docs/Lab1_Agent_Execution_Plan.md-1629-```text
../docs/Lab1_Agent_Execution_Plan.md:1630:-s = 开启 GDB Server，默认 1234
../docs/Lab1_Agent_Execution_Plan.md-1631--S = 启动后暂停 CPU
../docs/Lab1_Agent_Execution_Plan.md-1632-```
../docs/Lab1_Agent_Execution_Plan.md-1633-
../docs/Lab1_Agent_Execution_Plan.md:1634:## 25.5 为什么 GDB 使用 `bin/kernel`？
../docs/Lab1_Agent_Execution_Plan.md-1635-
../docs/Lab1_Agent_Execution_Plan.md-1636-因为 `bin/kernel` 是 ELF，保留符号、地址和调试信息。
../docs/Lab1_Agent_Execution_Plan.md-1637-
../docs/Lab1_Agent_Execution_Plan.md:1638:GDB 因而可以识别：
../docs/Lab1_Agent_Execution_Plan.md-1639-
../docs/Lab1_Agent_Execution_Plan.md-1640-```text
../docs/Lab1_Agent_Execution_Plan.md-1641-kern_entry
--
../docs/Lab1_Agent_Execution_Plan.md-1643-bootstacktop
../docs/Lab1_Agent_Execution_Plan.md-1644-```
../docs/Lab1_Agent_Execution_Plan.md-1645-
../docs/Lab1_Agent_Execution_Plan.md:1646:## 25.6 为什么 QEMU loader 使用 `bin/ucore.img`？
../docs/Lab1_Agent_Execution_Plan.md-1647-
../docs/Lab1_Agent_Execution_Plan.md-1648-`ucore.img` 是通过 `objcopy -O binary` 得到的裸二进制镜像，可以直接加载到 `0x80200000`。
../docs/Lab1_Agent_Execution_Plan.md-1649-
--
../docs/Lab1_Agent_Execution_Plan.md-1668-```text
../docs/Lab1_Agent_Execution_Plan.md-1669-解释代码
../docs/Lab1_Agent_Execution_Plan.md-1670-梳理启动链
../docs/Lab1_Agent_Execution_Plan.md:1671:解释 QEMU 参数
../docs/Lab1_Agent_Execution_Plan.md:1672:解释 GDB 输出
../docs/Lab1_Agent_Execution_Plan.md-1673-分析错误
../docs/Lab1_Agent_Execution_Plan.md-1674-辅助检查报告逻辑
../docs/Lab1_Agent_Execution_Plan.md-1675-```
--
../docs/Lab1_Agent_Execution_Plan.md-1693-    ↓
../docs/Lab1_Agent_Execution_Plan.md-1694-静态工具验证
../docs/Lab1_Agent_Execution_Plan.md-1695-    ↓
../docs/Lab1_Agent_Execution_Plan.md:1696:GDB 动态验证
../docs/Lab1_Agent_Execution_Plan.md-1697-    ↓
../docs/Lab1_Agent_Execution_Plan.md-1698-形成最终结论
../docs/Lab1_Agent_Execution_Plan.md-1699-```
--
../docs/Lab1_Agent_Execution_Plan.md-1705-| 顺序 | 操作 | 核心目的 | 通过标准 |
../docs/Lab1_Agent_Execution_Plan.md-1706-|---|---|---|---|
../docs/Lab1_Agent_Execution_Plan.md-1707-| 1 | 检查 Git | 确定干净起点 | `git status` clean |
../docs/Lab1_Agent_Execution_Plan.md:1708:| 2 | 阅读 Makefile | 明白 QEMU/GDB 怎么启动 | 能解释 qemu/debug/gdb |
../docs/Lab1_Agent_Execution_Plan.md-1709-| 3 | 阅读 kernel.ld | 找到内核地址依据 | 知道 `0x80200000` 来源 |
../docs/Lab1_Agent_Execution_Plan.md-1710-| 4 | 阅读 entry.S/init.c | 确定内核入口逻辑 | 知道 `sp -> kern_init` |
../docs/Lab1_Agent_Execution_Plan.md:1711:| 5 | 检查工具链 | 排除环境问题 | GCC/GDB/QEMU 均可调用 |
../docs/Lab1_Agent_Execution_Plan.md-1712-| 6 | `make clean && make` | 构建内核 | 无编译错误 |
../docs/Lab1_Agent_Execution_Plan.md-1713-| 7 | readelf/nm/objdump | 静态验证 kernel entry | `kern_entry=0x80200000` |
../docs/Lab1_Agent_Execution_Plan.md:1714:| 8 | `make qemu` | 验证正常运行 | 打印 loading 信息 |
../docs/Lab1_Agent_Execution_Plan.md:1715:| 9 | `make debug` | 启动暂停 QEMU | GDB server 可用 |
../docs/Lab1_Agent_Execution_Plan.md:1716:| 10 | `make gdb` | 连接 QEMU | 能查看 `$pc` |
../docs/Lab1_Agent_Execution_Plan.md-1717-| 11 | 查 `0x1000` | 验证 reset vector | `$pc=0x1000` |
../docs/Lab1_Agent_Execution_Plan.md-1718-| 12 | 单步到 `0x80000000` | 验证 OpenSBI | PC 到达对应区域 |
../docs/Lab1_Agent_Execution_Plan.md-1719-| 13 | break `0x80200000` | 验证 kernel entry | 命中 `kern_entry` |
--
../docs/Lab1_Agent_Execution_Plan.md-1749-## 环境
../docs/Lab1_Agent_Execution_Plan.md-1750-
../docs/Lab1_Agent_Execution_Plan.md-1751-```bash
../docs/Lab1_Agent_Execution_Plan.md:1752:riscv64-unknown-elf-gcc --version
../docs/Lab1_Agent_Execution_Plan.md:1753:riscv64-unknown-elf-gdb --version
../docs/Lab1_Agent_Execution_Plan.md:1754:qemu-system-riscv64 --version
../docs/Lab1_Agent_Execution_Plan.md-1755-```
../docs/Lab1_Agent_Execution_Plan.md-1756-
../docs/Lab1_Agent_Execution_Plan.md-1757-## 编译
--
../docs/Lab1_Agent_Execution_Plan.md-1764-## 静态验证
../docs/Lab1_Agent_Execution_Plan.md-1765-
../docs/Lab1_Agent_Execution_Plan.md-1766-```bash
../docs/Lab1_Agent_Execution_Plan.md:1767:riscv64-unknown-elf-readelf -h bin/kernel
../docs/Lab1_Agent_Execution_Plan.md:1768:riscv64-unknown-elf-nm -n bin/kernel | grep kern_entry
../docs/Lab1_Agent_Execution_Plan.md:1769:riscv64-unknown-elf-objdump -d bin/kernel | grep -A12 '<kern_entry>'
../docs/Lab1_Agent_Execution_Plan.md-1770-```
../docs/Lab1_Agent_Execution_Plan.md-1771-
../docs/Lab1_Agent_Execution_Plan.md-1772-## 普通运行
../docs/Lab1_Agent_Execution_Plan.md-1773-
../docs/Lab1_Agent_Execution_Plan.md-1774-```bash
../docs/Lab1_Agent_Execution_Plan.md:1775:make qemu
../docs/Lab1_Agent_Execution_Plan.md-1776-```
../docs/Lab1_Agent_Execution_Plan.md-1777-
../docs/Lab1_Agent_Execution_Plan.md-1778-## Terminal A
--
../docs/Lab1_Agent_Execution_Plan.md-1784-## Terminal B
../docs/Lab1_Agent_Execution_Plan.md-1785-
../docs/Lab1_Agent_Execution_Plan.md-1786-```bash
../docs/Lab1_Agent_Execution_Plan.md:1787:make gdb
../docs/Lab1_Agent_Execution_Plan.md-1788-```
../docs/Lab1_Agent_Execution_Plan.md-1789-
../docs/Lab1_Agent_Execution_Plan.md:1790:## GDB
../docs/Lab1_Agent_Execution_Plan.md-1791-
../docs/Lab1_Agent_Execution_Plan.md:1792:```gdb
../docs/Lab1_Agent_Execution_Plan.md-1793-p/x $pc
../docs/Lab1_Agent_Execution_Plan.md-1794-x/10i $pc
../docs/Lab1_Agent_Execution_Plan.md-1795-
--
../docs/Lab1_Agent_Execution_Plan.md-1838-
../docs/Lab1_Agent_Execution_Plan.md-1839-```text
../docs/Lab1_Agent_Execution_Plan.md-1840-交叉编译器
../docs/Lab1_Agent_Execution_Plan.md:1841:PATH
../docs/Lab1_Agent_Execution_Plan.md-1842-源代码编译错误
../docs/Lab1_Agent_Execution_Plan.md-1843-```
../docs/Lab1_Agent_Execution_Plan.md-1844-
../docs/Lab1_Agent_Execution_Plan.md:1845:不要进入 GDB。
../docs/Lab1_Agent_Execution_Plan.md-1846-
../docs/Lab1_Agent_Execution_Plan.md:1847:## 29.2 `make qemu` 无法运行
../docs/Lab1_Agent_Execution_Plan.md-1848-
../docs/Lab1_Agent_Execution_Plan.md-1849-先解决：
../docs/Lab1_Agent_Execution_Plan.md-1850-
../docs/Lab1_Agent_Execution_Plan.md-1851-```text
../docs/Lab1_Agent_Execution_Plan.md:1852:QEMU 配置
../docs/Lab1_Agent_Execution_Plan.md-1853-镜像
../docs/Lab1_Agent_Execution_Plan.md-1854-OpenSBI
../docs/Lab1_Agent_Execution_Plan.md-1855-工具版本
--
../docs/Lab1_Agent_Execution_Plan.md-1857-
../docs/Lab1_Agent_Execution_Plan.md-1858-不要直接进入启动链分析。
../docs/Lab1_Agent_Execution_Plan.md-1859-
../docs/Lab1_Agent_Execution_Plan.md:1860:## 29.3 `make debug` 正常但 `make gdb` 连接失败
../docs/Lab1_Agent_Execution_Plan.md-1861-
../docs/Lab1_Agent_Execution_Plan.md-1862-先检查：
../docs/Lab1_Agent_Execution_Plan.md-1863-
../docs/Lab1_Agent_Execution_Plan.md-1864-```text
../docs/Lab1_Agent_Execution_Plan.md:1865:QEMU 是否仍在运行
../docs/Lab1_Agent_Execution_Plan.md-1866-1234 是否监听
../docs/Lab1_Agent_Execution_Plan.md:1867:是否重复启动多个 QEMU
../docs/Lab1_Agent_Execution_Plan.md-1868-```
../docs/Lab1_Agent_Execution_Plan.md-1869-
../docs/Lab1_Agent_Execution_Plan.md:1870:## 29.4 GDB 中 PC 不符合预期
../docs/Lab1_Agent_Execution_Plan.md-1871-
../docs/Lab1_Agent_Execution_Plan.md-1872-不要因为文档预期是 `0x1000` 就强行在报告写 `0x1000`。
../docs/Lab1_Agent_Execution_Plan.md-1873-
../docs/Lab1_Agent_Execution_Plan.md-1874-应记录实际：
../docs/Lab1_Agent_Execution_Plan.md-1875-
../docs/Lab1_Agent_Execution_Plan.md-1876-```text
../docs/Lab1_Agent_Execution_Plan.md:1877:QEMU 版本
../docs/Lab1_Agent_Execution_Plan.md-1878-执行命令
../docs/Lab1_Agent_Execution_Plan.md-1879-PC
../docs/Lab1_Agent_Execution_Plan.md-1880-反汇编
--
../docs/Lab1_Agent_Execution_Plan.md-1889-```text
../docs/Lab1_Agent_Execution_Plan.md-1890-源码
../docs/Lab1_Agent_Execution_Plan.md-1891-构建结果
../docs/Lab1_Agent_Execution_Plan.md:1892:GDB 实际输出
../docs/Lab1_Agent_Execution_Plan.md-1893-```
../docs/Lab1_Agent_Execution_Plan.md-1894-
../docs/Lab1_Agent_Execution_Plan.md-1895-为最终依据。
--
../docs/Lab1_Agent_Execution_Plan.md-1903-```text
../docs/Lab1_Agent_Execution_Plan.md-1904-机器启动层
../docs/Lab1_Agent_Execution_Plan.md-1905-0x1000
../docs/Lab1_Agent_Execution_Plan.md:1906:QEMU reset
../docs/Lab1_Agent_Execution_Plan.md-1907-        ↓
../docs/Lab1_Agent_Execution_Plan.md-1908-固件层
../docs/Lab1_Agent_Execution_Plan.md-1909-0x80000000
--
../docs/Lab1_Agent_Execution_Plan.md-1918-
../docs/Lab1_Agent_Execution_Plan.md-1919-```text
../docs/Lab1_Agent_Execution_Plan.md-1920-Makefile
../docs/Lab1_Agent_Execution_Plan.md:1921:决定如何构建、如何启动 QEMU、如何连接 GDB
../docs/Lab1_Agent_Execution_Plan.md-1922-
../docs/Lab1_Agent_Execution_Plan.md-1923-kernel.ld
../docs/Lab1_Agent_Execution_Plan.md-1924-决定 kernel 的链接布局和入口地址
../docs/Lab1_Agent_Execution_Plan.md-1925-
../docs/Lab1_Agent_Execution_Plan.md:1926:QEMU loader
../docs/Lab1_Agent_Execution_Plan.md-1927-把 kernel image 放到指定物理地址
../docs/Lab1_Agent_Execution_Plan.md-1928-
../docs/Lab1_Agent_Execution_Plan.md-1929-OpenSBI
--
../docs/Lab1_Agent_Execution_Plan.md-1943-+
../docs/Lab1_Agent_Execution_Plan.md-1944-从命令复现
../docs/Lab1_Agent_Execution_Plan.md-1945-+
../docs/Lab1_Agent_Execution_Plan.md:1946:从 GDB 证明
../docs/Lab1_Agent_Execution_Plan.md-1947-```
../docs/Lab1_Agent_Execution_Plan.md-1948-
../docs/Lab1_Agent_Execution_Plan.md-1949-Lab1 就真正完成了。

[exit code: 0]
