$ date -Is
2026-10-07T16:08:36+08:00

$ pwd
/home/lenovo/os-lab/workspace/Operation-System-Labs

$ git status --short --branch
## work/lab1/wenjie
?? report/_work/
exit code: 0

$ git branch --show-current
work/lab1/wenjie
exit code: 0

$ git rev-parse HEAD
230c83e92c5f115f5d137b73b35cba4e9bd42afd
exit code: 0

$ git log -1 --oneline --decorate
230c83e (HEAD -> work/lab1/wenjie, tag: lab1-starter, origin/lab1, lab1) chore(lab1): import instructor starter code
exit code: 0

$ git diff --stat
exit code: 0

$ ls report/images
total 8
drwxr-xr-x 2 lenovo lenovo 4096 Sep 29 15:07 .
drwxr-xr-x 4 lenovo lenovo 4096 Oct  7 15:05 ..
-rw-r--r-- 1 lenovo lenovo    0 Sep 29 15:07 .gitkeep
exit code: 0
