$ bash --login -ic ... (interactive login PATH and tool versions)
bash: cannot set terminal process group (1): Inappropriate ioctl for device
bash: no job control in this shell
OS_HOME=/home/lenovo/os-lab
RISCV_TOOLCHAIN=/home/lenovo/os-lab/toolchain/current
QEMU_HOME=/home/lenovo/os-lab/qemu/current
OS_LAB_WORKSPACE=/home/lenovo/os-lab/workspace/Operation-System-Labs
/usr/bin/make
/home/lenovo/os-lab/toolchain/current/bin/riscv64-unknown-elf-gcc
/home/lenovo/os-lab/toolchain/current/bin/riscv64-unknown-elf-gdb
/home/lenovo/os-lab/toolchain/current/bin/riscv64-unknown-elf-ld
/home/lenovo/os-lab/toolchain/current/bin/riscv64-unknown-elf-objcopy
/home/lenovo/os-lab/toolchain/current/bin/riscv64-unknown-elf-objdump
/home/lenovo/os-lab/toolchain/current/bin/riscv64-unknown-elf-readelf
/home/lenovo/os-lab/qemu/current/bin/qemu-system-riscv64
GNU Make 4.3
Built for x86_64-pc-linux-gnu
Copyright (C) 1988-2020 Free Software Foundation, Inc.
License GPLv3+: GNU GPL version 3 or later <http://gnu.org/licenses/gpl.html>
This is free software: you are free to change and redistribute it.
There is NO WARRANTY, to the extent permitted by law.
riscv64-unknown-elf-gcc (SiFive GCC-Metal 10.2.0-2020.12.8) 10.2.0
Copyright (C) 2020 Free Software Foundation, Inc.
This is free software; see the source for copying conditions.  There is NO
warranty; not even for MERCHANTABILITY or FITNESS FOR A PARTICULAR PURPOSE.

GNU gdb (SiFive GDB-Metal 10.1.0-2020.12.7) 10.1
Copyright (C) 2020 Free Software Foundation, Inc.
License GPLv3+: GNU GPL version 3 or later <http://gnu.org/licenses/gpl.html>
This is free software: you are free to change and redistribute it.
There is NO WARRANTY, to the extent permitted by law.
QEMU emulator version 4.1.1
Copyright (c) 2003-2019 Fabrice Bellard and the QEMU Project developers
exit code: 0

$ uname -a
Linux LAPTOP-VTCMVS9N 6.18.33.2-microsoft-standard-WSL2 #1 SMP PREEMPT_DYNAMIC Thu Jun 18 21:54:43 UTC 2026 x86_64 x86_64 x86_64 GNU/Linux
exit code: 0

$ cat /etc/os-release
PRETTY_NAME="Ubuntu 22.04.5 LTS"
NAME="Ubuntu"
VERSION_ID="22.04"
VERSION="22.04.5 LTS (Jammy Jellyfish)"
VERSION_CODENAME=jammy
ID=ubuntu
ID_LIKE=debian
HOME_URL="https://www.ubuntu.com/"
SUPPORT_URL="https://help.ubuntu.com/"
BUG_REPORT_URL="https://bugs.launchpad.net/ubuntu/"
PRIVACY_POLICY_URL="https://www.ubuntu.com/legal/terms-and-policies/privacy-policy"
UBUNTU_CODENAME=jammy
exit code: 0

$ nproc
16
exit code: 0
