$ file bin/kernel bin/ucore.img
bin/kernel:    ELF 64-bit LSB executable, UCB RISC-V, RVC, double-float ABI, version 1 (SYSV), statically linked, with debug_info, not stripped
bin/ucore.img: data
exit code: 0

$ riscv64-unknown-elf-readelf -h bin/kernel
ELF Header:
  Magic:   7f 45 4c 46 02 01 01 00 00 00 00 00 00 00 00 00 
  Class:                             ELF64
  Data:                              2's complement, little endian
  Version:                           1 (current)
  OS/ABI:                            UNIX - System V
  ABI Version:                       0
  Type:                              EXEC (Executable file)
  Machine:                           RISC-V
  Version:                           0x1
  Entry point address:               0x80200000
  Start of program headers:          64 (bytes into file)
  Start of section headers:          47632 (bytes into file)
  Flags:                             0x5, RVC, double-float ABI
  Size of this header:               64 (bytes)
  Size of program headers:           56 (bytes)
  Number of program headers:         2
  Size of section headers:           64 (bytes)
  Number of section headers:         18
  Section header string table index: 17
exit code: 0

$ riscv64-unknown-elf-nm -n bin/kernel | grep -E "kern_entry|kern_init|bootstack(top)?| edata$| end$"
0000000080200000 T kern_entry
000000008020000a T kern_init
0000000080201000 D bootstack
0000000080203000 D bootstacktop
0000000080203008 D edata
0000000080203008 D end
exit code: 0

$ riscv64-unknown-elf-objdump -d bin/kernel | grep -A12 "<kern_entry>"
0000000080200000 <kern_entry>:
    80200000:	00003117          	auipc	sp,0x3
    80200004:	00010113          	mv	sp,sp
    80200008:	a009                	j	8020000a <kern_init>

000000008020000a <kern_init>:
    8020000a:	00003517          	auipc	a0,0x3
    8020000e:	ffe50513          	addi	a0,a0,-2 # 80203008 <edata>
    80200012:	00003617          	auipc	a2,0x3
    80200016:	ff660613          	addi	a2,a2,-10 # 80203008 <edata>
    8020001a:	1141                	addi	sp,sp,-16
    8020001c:	4581                	li	a1,0
    8020001e:	8e09                	sub	a2,a2,a0
exit code: 0

$ ls -lh bin/kernel bin/ucore.img
-rwxr-xr-x 1 lenovo lenovo 48K Oct  7 16:09 bin/kernel
-rwxr-xr-x 1 lenovo lenovo 13K Oct  7 16:09 bin/ucore.img
exit code: 0
