$ make clean
rm -f -r obj bin
exit code: 0

$ make
+ cc kern/init/entry.S
+ cc kern/init/init.c
+ cc kern/libs/stdio.c
+ cc kern/driver/console.c
+ cc libs/printfmt.c
+ cc libs/readline.c
+ cc libs/sbi.c
+ cc libs/string.c
+ ld bin/kernel
riscv64-unknown-elf-objcopy bin/kernel --strip-all -O binary bin/ucore.img
exit code: 0

$ file bin/kernel bin/ucore.img
bin/kernel:    ELF 64-bit LSB executable, UCB RISC-V, RVC, double-float ABI, version 1 (SYSV), statically linked, with debug_info, not stripped
bin/ucore.img: data

$ riscv64-unknown-elf-readelf -h bin/kernel | grep -E "Machine:|Entry point address"
  Machine:                           RISC-V
  Entry point address:               0x80200000

$ riscv64-unknown-elf-nm -n bin/kernel | grep -E "kern_entry|kern_init|bootstacktop"
0000000080200000 T kern_entry
000000008020000a T kern_init
0000000080203000 D bootstacktop
